// Vitest Snapshot v1, https://vitest.dev/guide/snapshot.html

exports[`Page principale > Bon affichage de la page 1`] = `"<v-app-stub theme="light" overlaps="" fullheight="true"></v-app-stub>"`;
